[08:42:33] INFO: Starting B2 fine-tuned reading-task classification (ZuCo 2.0 NR vs TSR)
[08:42:33] INFO: {
  "npz_nr": "exports/embeddings_NR_pretrained_unlabeled/embeddings.npz",
  "npz_tsr": "exports/embeddings_TSR_pretrained_unlabeled/embeddings.npz",
  "checkpoint": null,
  "random_init": true,
  "output_dir": "results/B2_finetune_reading_random",
  "epochs": 25,
  "encoder_lr": 1e-05,
  "head_lr": 0.001,
  "weight_decay": 0.0001,
  "batch_size": 32,
  "num_workers": 0,
  "val_ratio": 0.15,
  "seed": 42,
  "log_every_epochs": 10,
  "device": "cuda",
  "bart_path": "facebook/bart-large",
  "head_dim": 1024,
  "use_class_weights": true
}
[08:42:33] INFO: Optimization setup: Adam with differential learning rates (encoder_lr=1e-05, head_lr=0.001, weight_decay=0.0001); class_weights_enabled=True.
[08:42:33] INFO: Using device: cuda
[08:42:33] INFO: NPZ keys found in exports/embeddings_NR_pretrained_unlabeled/embeddings.npz: ['input_embeddings', 'normalized_input_embeddings', 'input_attn_mask', 'input_attn_mask_invert', 'seq_len', 'target_string', 'subject_id', 'sentence_index', 'task_name', 'source_file']
[08:42:36] INFO: Loaded EEG/features from key 'normalized_input_embeddings' with shape (5579, 58, 840)
[08:42:36] INFO: Loaded attention mask shape: (5579, 58)
[08:42:36] INFO: Text key: target_string; unique texts: 333
[08:42:36] INFO: NPZ keys found in exports/embeddings_TSR_pretrained_unlabeled/embeddings.npz: ['input_embeddings', 'normalized_input_embeddings', 'input_attn_mask', 'input_attn_mask_invert', 'seq_len', 'target_string', 'subject_id', 'sentence_index', 'task_name', 'split_name', 'pickle_file', 'source_prefix', 'selected_words']
[08:42:45] INFO: Loaded EEG/features from key 'normalized_input_embeddings' with shape (18935, 58, 840)
[08:42:45] INFO: Loaded attention mask shape: (18935, 58)
[08:42:45] INFO: Text key: target_string; unique texts: 1227
[08:42:45] INFO: NR subjects: ['YAC', 'YAG', 'YAK', 'YDG', 'YDR', 'YFR', 'YFS', 'YHS', 'YIS', 'YLS', 'YMD', 'YMS', 'YRH', 'YRK', 'YRP', 'YSD', 'YSL', 'YTL']
[08:42:45] INFO: TSR subjects: ['YAC', 'YAG', 'YAK', 'YDG', 'YDR', 'YFR', 'YFS', 'YHS', 'YIS', 'YLS', 'YMD', 'YMS', 'YRH', 'YRK', 'YRP', 'YSD', 'YSL', 'YTL', 'ZAB', 'ZDM', 'ZDN', 'ZGW', 'ZJM', 'ZJN', 'ZJS', 'ZKB', 'ZKH', 'ZKW', 'ZMG', 'ZPH']
[08:42:45] INFO: Using common subjects only (18): ['YAC', 'YAG', 'YAK', 'YDG', 'YDR', 'YFR', 'YFS', 'YHS', 'YIS', 'YLS', 'YMD', 'YMS', 'YRH', 'YRK', 'YRP', 'YSD', 'YSL', 'YTL']
[08:42:46] INFO: After common-subject filtering | NR: 5579 samples | TSR: 11065 samples
[08:42:47] INFO: Combined NR+TSR dataset size: 16644
[08:42:47] INFO: Task counts: {'TSR': 11065, 'NR': 5579}
[08:42:47] INFO: Subjects in final dataset: ['YAC', 'YAG', 'YAK', 'YDG', 'YDR', 'YFR', 'YFS', 'YHS', 'YIS', 'YLS', 'YMD', 'YMS', 'YRH', 'YRK', 'YRP', 'YSD', 'YSL', 'YTL']
[08:42:47] INFO: Running leave-one-subject-out CV over 18 subjects.
[08:42:47] INFO: ========================================================================================
[08:42:47] INFO: Fold 1/18 | held-out subject: YAC
[08:42:48] INFO: Train subjects (14): ['YAG', 'YAK', 'YDG', 'YDR', 'YFR', 'YFS', 'YHS', 'YIS', 'YLS', 'YMD', 'YRH', 'YRK', 'YSD', 'YTL'] | Val subjects (3): ['YMS', 'YRP', 'YSL'] | Test subject: YAC
[08:42:48] INFO: Train size: 13038 | Val size: 2914 | Test size: 692
[08:42:48] INFO: Train label counts: {np.int64(0): np.int64(4369), np.int64(1): np.int64(8669)}
[08:42:48] INFO: Val label counts: {np.int64(0): np.int64(978), np.int64(1): np.int64(1936)}
[08:42:48] INFO: Test label counts: {np.int64(0): np.int64(232), np.int64(1): np.int64(460)}
[08:42:49] INFO: Class weights: NR=1.4921, TSR=0.7520
[08:42:52] INFO: Using random initialization for CET-MAE encoder.
[08:43:13] INFO: [Fold 1 | Epoch 001] train_loss=0.7324 train_acc=0.5465 train_bal_acc=0.5459 train_f1=0.5310 | val_loss=0.7340 val_acc=0.5062 val_bal_acc=0.4960 val_f1=0.4869
[08:46:20] INFO: [Fold 1 | Epoch 010] train_loss=0.5486 train_acc=0.6402 train_bal_acc=0.6941 train_f1=0.6387 | val_loss=1.2811 val_acc=0.5058 val_bal_acc=0.4847 val_f1=0.4798
[08:49:46] INFO: [Fold 1 | Epoch 020] train_loss=0.5249 train_acc=0.6414 train_bal_acc=0.7127 train_f1=0.6413 | val_loss=1.8718 val_acc=0.5525 val_bal_acc=0.4791 val_f1=0.4766
[08:51:29] INFO: [Fold 1 | Epoch 025] train_loss=0.5087 train_acc=0.6503 train_bal_acc=0.7260 train_f1=0.6503 | val_loss=2.5683 val_acc=0.5631 val_bal_acc=0.4742 val_f1=0.4660
[08:51:37] INFO: [Fold 1 TEST] subject=YAC acc=0.6633 bal_acc=0.4989 macro_f1=0.3988
[08:51:37] INFO: ========================================================================================
[08:51:37] INFO: Fold 2/18 | held-out subject: YAG
[08:51:39] INFO: Train subjects (14): ['YAC', 'YAK', 'YDG', 'YDR', 'YFR', 'YHS', 'YIS', 'YLS', 'YMS', 'YRH', 'YRK', 'YRP', 'YSD', 'YSL'] | Val subjects (3): ['YFS', 'YMD', 'YTL'] | Test subject: YAG
[08:51:39] INFO: Train size: 12758 | Val size: 2908 | Test size: 978
[08:51:39] INFO: Train label counts: {np.int64(0): np.int64(4275), np.int64(1): np.int64(8483)}
[08:51:39] INFO: Val label counts: {np.int64(0): np.int64(974), np.int64(1): np.int64(1934)}
[08:51:39] INFO: Test label counts: {np.int64(0): np.int64(330), np.int64(1): np.int64(648)}
[08:51:39] INFO: Class weights: NR=1.4922, TSR=0.7520
[08:51:43] INFO: Using random initialization for CET-MAE encoder.
[08:52:03] INFO: [Fold 2 | Epoch 001] train_loss=0.7614 train_acc=0.5350 train_bal_acc=0.5333 train_f1=0.5192 | val_loss=0.7600 val_acc=0.5440 val_bal_acc=0.5387 val_f1=0.5262
[08:55:05] INFO: [Fold 2 | Epoch 010] train_loss=0.5532 train_acc=0.6401 train_bal_acc=0.6940 train_f1=0.6385 | val_loss=1.1562 val_acc=0.4986 val_bal_acc=0.5201 val_f1=0.4929
[08:58:29] INFO: [Fold 2 | Epoch 020] train_loss=0.5208 train_acc=0.6481 train_bal_acc=0.7189 train_f1=0.6480 | val_loss=1.4885 val_acc=0.4849 val_bal_acc=0.4884 val_f1=0.4729
[09:00:10] INFO: [Fold 2 | Epoch 025] train_loss=0.5179 train_acc=0.6474 train_bal_acc=0.7223 train_f1=0.6474 | val_loss=1.5330 val_acc=0.5423 val_bal_acc=0.4964 val_f1=0.4960
[09:00:18] INFO: [Fold 2 TEST] subject=YAG acc=0.6207 bal_acc=0.4988 macro_f1=0.4671
[09:00:18] INFO: ========================================================================================
[09:00:18] INFO: Fold 3/18 | held-out subject: YAK
[09:00:19] INFO: Train subjects (14): ['YAC', 'YAG', 'YDG', 'YFR', 'YFS', 'YHS', 'YIS', 'YLS', 'YMD', 'YMS', 'YRK', 'YRP', 'YSD', 'YSL'] | Val subjects (3): ['YDR', 'YRH', 'YTL'] | Test subject: YAK
[09:00:19] INFO: Train size: 13027 | Val size: 2801 | Test size: 816
[09:00:19] INFO: Train label counts: {np.int64(0): np.int64(4390), np.int64(1): np.int64(8637)}
[09:00:19] INFO: Val label counts: {np.int64(0): np.int64(943), np.int64(1): np.int64(1858)}
[09:00:19] INFO: Test label counts: {np.int64(0): np.int64(246), np.int64(1): np.int64(570)}
[09:00:19] INFO: Class weights: NR=1.4837, TSR=0.7541
[09:00:23] INFO: Using random initialization for CET-MAE encoder.
[09:00:43] INFO: [Fold 3 | Epoch 001] train_loss=0.7420 train_acc=0.5340 train_bal_acc=0.5320 train_f1=0.5185 | val_loss=0.6905 val_acc=0.5434 val_bal_acc=0.5548 val_f1=0.5334
[09:03:47] INFO: [Fold 3 | Epoch 010] train_loss=0.5596 train_acc=0.6343 train_bal_acc=0.6872 train_f1=0.6329 | val_loss=0.9321 val_acc=0.5419 val_bal_acc=0.5182 val_f1=0.5134
[09:07:13] INFO: [Fold 3 | Epoch 020] train_loss=0.5190 train_acc=0.6476 train_bal_acc=0.7236 train_f1=0.6476 | val_loss=1.7792 val_acc=0.6001 val_bal_acc=0.5109 val_f1=0.5040
[09:08:56] INFO: [Fold 3 | Epoch 025] train_loss=0.5175 train_acc=0.6467 train_bal_acc=0.7265 train_f1=0.6467 | val_loss=1.6434 val_acc=0.5887 val_bal_acc=0.5184 val_f1=0.5174
[09:09:04] INFO: [Fold 3 TEST] subject=YAK acc=0.4951 bal_acc=0.5392 macro_f1=0.4897
[09:09:04] INFO: ========================================================================================
[09:09:04] INFO: Fold 4/18 | held-out subject: YDG
[09:09:05] INFO: Train subjects (14): ['YAC', 'YAK', 'YDR', 'YFS', 'YHS', 'YIS', 'YLS', 'YMD', 'YMS', 'YRK', 'YRP', 'YSD', 'YSL', 'YTL'] | Val subjects (3): ['YAG', 'YFR', 'YRH'] | Test subject: YDG
[09:09:05] INFO: Train size: 13210 | Val size: 2447 | Test size: 987
[09:09:05] INFO: Train label counts: {np.int64(0): np.int64(4403), np.int64(1): np.int64(8807)}
[09:09:05] INFO: Val label counts: {np.int64(0): np.int64(845), np.int64(1): np.int64(1602)}
[09:09:05] INFO: Test label counts: {np.int64(0): np.int64(331), np.int64(1): np.int64(656)}
[09:09:05] INFO: Class weights: NR=1.5001, TSR=0.7500
[09:09:09] INFO: Using random initialization for CET-MAE encoder.
[09:09:30] INFO: [Fold 4 | Epoch 001] train_loss=0.7455 train_acc=0.5402 train_bal_acc=0.5382 train_f1=0.5238 | val_loss=0.9320 val_acc=0.3760 val_bal_acc=0.5069 val_f1=0.3283
[09:12:38] INFO: [Fold 4 | Epoch 010] train_loss=0.5495 train_acc=0.6417 train_bal_acc=0.6995 train_f1=0.6404 | val_loss=0.9692 val_acc=0.5014 val_bal_acc=0.5200 val_f1=0.4963
[09:16:06] INFO: [Fold 4 | Epoch 020] train_loss=0.5088 train_acc=0.6558 train_bal_acc=0.7341 train_f1=0.6558 | val_loss=0.9578 val_acc=0.4573 val_bal_acc=0.5089 val_f1=0.4572
[09:17:50] INFO: [Fold 4 | Epoch 025] train_loss=0.5028 train_acc=0.6567 train_bal_acc=0.7364 train_f1=0.6567 | val_loss=1.4501 val_acc=0.5022 val_bal_acc=0.5206 val_f1=0.4970
[09:17:58] INFO: [Fold 4 TEST] subject=YDG acc=0.4336 bal_acc=0.5148 macro_f1=0.4303
[09:17:58] INFO: ========================================================================================
[09:17:58] INFO: Fold 5/18 | held-out subject: YDR
[09:17:59] INFO: Train subjects (14): ['YAC', 'YAK', 'YDG', 'YFR', 'YFS', 'YHS', 'YIS', 'YLS', 'YMD', 'YRH', 'YRK', 'YRP', 'YSD', 'YTL'] | Val subjects (3): ['YAG', 'YMS', 'YSL'] | Test subject: YDR
[09:17:59] INFO: Train size: 12739 | Val size: 2922 | Test size: 983
[09:17:59] INFO: Train label counts: {np.int64(0): np.int64(4268), np.int64(1): np.int64(8471)}
[09:17:59] INFO: Val label counts: {np.int64(0): np.int64(982), np.int64(1): np.int64(1940)}
[09:17:59] INFO: Test label counts: {np.int64(0): np.int64(329), np.int64(1): np.int64(654)}
[09:17:59] INFO: Class weights: NR=1.4924, TSR=0.7519
[09:18:02] INFO: Using random initialization for CET-MAE encoder.
[09:18:24] INFO: [Fold 5 | Epoch 001] train_loss=0.7475 train_acc=0.5344 train_bal_acc=0.5315 train_f1=0.5180 | val_loss=0.6551 val_acc=0.6229 val_bal_acc=0.5033 val_f1=0.4757
[09:21:27] INFO: [Fold 5 | Epoch 010] train_loss=0.5513 train_acc=0.6395 train_bal_acc=0.6968 train_f1=0.6384 | val_loss=0.9053 val_acc=0.4774 val_bal_acc=0.5144 val_f1=0.4758
[09:24:50] INFO: [Fold 5 | Epoch 020] train_loss=0.5117 train_acc=0.6516 train_bal_acc=0.7280 train_f1=0.6516 | val_loss=1.5692 val_acc=0.5688 val_bal_acc=0.5239 val_f1=0.5234
[09:26:32] INFO: [Fold 5 | Epoch 025] train_loss=0.5138 train_acc=0.6486 train_bal_acc=0.7246 train_f1=0.6486 | val_loss=1.0519 val_acc=0.4120 val_bal_acc=0.5016 val_f1=0.4050
[09:26:40] INFO: [Fold 5 TEST] subject=YDR acc=0.4964 bal_acc=0.5407 macro_f1=0.4954
[09:26:40] INFO: ========================================================================================
[09:26:40] INFO: Fold 6/18 | held-out subject: YFR
[09:26:41] INFO: Train subjects (14): ['YAC', 'YAG', 'YAK', 'YDG', 'YDR', 'YFS', 'YHS', 'YLS', 'YMD', 'YMS', 'YRH', 'YRK', 'YSD', 'YSL'] | Val subjects (3): ['YIS', 'YRP', 'YTL'] | Test subject: YFR
[09:26:41] INFO: Train size: 13070 | Val size: 2941 | Test size: 633
[09:26:41] INFO: Train label counts: {np.int64(0): np.int64(4362), np.int64(1): np.int64(8708)}
[09:26:41] INFO: Val label counts: {np.int64(0): np.int64(987), np.int64(1): np.int64(1954)}
[09:26:41] INFO: Test label counts: {np.int64(0): np.int64(230), np.int64(1): np.int64(403)}
[09:26:41] INFO: Class weights: NR=1.4982, TSR=0.7505
[09:26:45] INFO: Using random initialization for CET-MAE encoder.
[09:27:06] INFO: [Fold 6 | Epoch 001] train_loss=0.7430 train_acc=0.5402 train_bal_acc=0.5341 train_f1=0.5218 | val_loss=0.8150 val_acc=0.4182 val_bal_acc=0.5431 val_f1=0.3937
[09:30:15] INFO: [Fold 6 | Epoch 010] train_loss=0.5520 train_acc=0.6433 train_bal_acc=0.6979 train_f1=0.6417 | val_loss=0.8444 val_acc=0.5121 val_bal_acc=0.5388 val_f1=0.5075
[09:33:44] INFO: [Fold 6 | Epoch 020] train_loss=0.5242 train_acc=0.6434 train_bal_acc=0.7172 train_f1=0.6433 | val_loss=1.1888 val_acc=0.5536 val_bal_acc=0.5284 val_f1=0.5237
[09:35:28] INFO: [Fold 6 | Epoch 025] train_loss=0.5089 train_acc=0.6542 train_bal_acc=0.7335 train_f1=0.6542 | val_loss=1.2112 val_acc=0.5094 val_bal_acc=0.5352 val_f1=0.5047
[09:35:36] INFO: [Fold 6 TEST] subject=YFR acc=0.5798 bal_acc=0.4917 macro_f1=0.4691
[09:35:36] INFO: ========================================================================================
[09:35:36] INFO: Fold 7/18 | held-out subject: YFS
[09:35:37] INFO: Train subjects (14): ['YAC', 'YAG', 'YAK', 'YDG', 'YDR', 'YFR', 'YHS', 'YLS', 'YMD', 'YMS', 'YRH', 'YRP', 'YSD', 'YSL'] | Val subjects (3): ['YIS', 'YRK', 'YTL'] | Test subject: YFS
[09:35:37] INFO: Train size: 12753 | Val size: 2927 | Test size: 964
[09:35:37] INFO: Train label counts: {np.int64(0): np.int64(4277), np.int64(1): np.int64(8476)}
[09:35:37] INFO: Val label counts: {np.int64(0): np.int64(981), np.int64(1): np.int64(1946)}
[09:35:37] INFO: Test label counts: {np.int64(0): np.int64(321), np.int64(1): np.int64(643)}
[09:35:37] INFO: Class weights: NR=1.4909, TSR=0.7523
[09:35:41] INFO: Using random initialization for CET-MAE encoder.
[09:36:01] INFO: [Fold 7 | Epoch 001] train_loss=0.7414 train_acc=0.5360 train_bal_acc=0.5339 train_f1=0.5200 | val_loss=0.7274 val_acc=0.4769 val_bal_acc=0.5606 val_f1=0.4744
[09:39:05] INFO: [Fold 7 | Epoch 010] train_loss=0.5595 train_acc=0.6366 train_bal_acc=0.6885 train_f1=0.6348 | val_loss=0.9932 val_acc=0.3908 val_bal_acc=0.5191 val_f1=0.3605
[09:42:31] INFO: [Fold 7 | Epoch 020] train_loss=0.5228 train_acc=0.6459 train_bal_acc=0.7195 train_f1=0.6458 | val_loss=1.0483 val_acc=0.4441 val_bal_acc=0.5281 val_f1=0.4405
[09:44:13] INFO: [Fold 7 | Epoch 025] train_loss=0.5081 train_acc=0.6516 train_bal_acc=0.7295 train_f1=0.6516 | val_loss=1.3058 val_acc=0.4851 val_bal_acc=0.5352 val_f1=0.4848
[09:44:20] INFO: [Fold 7 TEST] subject=YFS acc=0.6577 bal_acc=0.5078 macro_f1=0.4459
[09:44:20] INFO: ========================================================================================
[09:44:20] INFO: Fold 8/18 | held-out subject: YHS
[09:44:22] INFO: Train subjects (14): ['YAC', 'YAG', 'YDG', 'YDR', 'YFR', 'YIS', 'YLS', 'YMD', 'YMS', 'YRH', 'YRP', 'YSD', 'YSL', 'YTL'] | Val subjects (3): ['YAK', 'YFS', 'YRK'] | Test subject: YHS
[09:44:22] INFO: Train size: 12917 | Val size: 2736 | Test size: 991
[09:44:22] INFO: Train label counts: {np.int64(0): np.int64(4359), np.int64(1): np.int64(8558)}
[09:44:22] INFO: Val label counts: {np.int64(0): np.int64(887), np.int64(1): np.int64(1849)}
[09:44:22] INFO: Test label counts: {np.int64(0): np.int64(333), np.int64(1): np.int64(658)}
[09:44:22] INFO: Class weights: NR=1.4816, TSR=0.7547
[09:44:25] INFO: Using random initialization for CET-MAE encoder.
[09:44:46] INFO: [Fold 8 | Epoch 001] train_loss=0.7344 train_acc=0.5405 train_bal_acc=0.5379 train_f1=0.5246 | val_loss=0.6897 val_acc=0.5314 val_bal_acc=0.4835 val_f1=0.4829
[09:47:53] INFO: [Fold 8 | Epoch 010] train_loss=0.5567 train_acc=0.6361 train_bal_acc=0.6910 train_f1=0.6349 | val_loss=1.0902 val_acc=0.4854 val_bal_acc=0.5116 val_f1=0.4796
[09:51:19] INFO: [Fold 8 | Epoch 020] train_loss=0.5267 train_acc=0.6430 train_bal_acc=0.7147 train_f1=0.6430 | val_loss=1.5000 val_acc=0.4850 val_bal_acc=0.5201 val_f1=0.4814
[09:53:01] INFO: [Fold 8 | Epoch 025] train_loss=0.5136 train_acc=0.6481 train_bal_acc=0.7270 train_f1=0.6481 | val_loss=1.1180 val_acc=0.4349 val_bal_acc=0.5189 val_f1=0.4331
[09:53:09] INFO: [Fold 8 TEST] subject=YHS acc=0.6196 bal_acc=0.4940 macro_f1=0.4589
[09:53:09] INFO: ========================================================================================
[09:53:09] INFO: Fold 9/18 | held-out subject: YIS
[09:53:10] INFO: Train subjects (14): ['YAK', 'YDG', 'YDR', 'YFR', 'YFS', 'YHS', 'YLS', 'YMD', 'YMS', 'YRH', 'YRP', 'YSD', 'YSL', 'YTL'] | Val subjects (3): ['YAC', 'YAG', 'YRK'] | Test subject: YIS
[09:53:10] INFO: Train size: 13029 | Val size: 2626 | Test size: 989
[09:53:10] INFO: Train label counts: {np.int64(0): np.int64(4365), np.int64(1): np.int64(8664)}
[09:53:10] INFO: Val label counts: {np.int64(0): np.int64(882), np.int64(1): np.int64(1744)}
[09:53:10] INFO: Test label counts: {np.int64(0): np.int64(332), np.int64(1): np.int64(657)}
[09:53:10] INFO: Class weights: NR=1.4924, TSR=0.7519
[09:53:14] INFO: Using random initialization for CET-MAE encoder.
[09:53:35] INFO: [Fold 9 | Epoch 001] train_loss=0.7362 train_acc=0.5340 train_bal_acc=0.5313 train_f1=0.5178 | val_loss=0.7039 val_acc=0.6268 val_bal_acc=0.4834 val_f1=0.4217
[09:56:42] INFO: [Fold 9 | Epoch 010] train_loss=0.5587 train_acc=0.6333 train_bal_acc=0.6852 train_f1=0.6315 | val_loss=1.5935 val_acc=0.4985 val_bal_acc=0.4916 val_f1=0.4812
[10:00:08] INFO: [Fold 9 | Epoch 020] train_loss=0.5294 train_acc=0.6439 train_bal_acc=0.7176 train_f1=0.6439 | val_loss=1.6019 val_acc=0.5335 val_bal_acc=0.5216 val_f1=0.5125
[10:01:52] INFO: [Fold 9 | Epoch 025] train_loss=0.5201 train_acc=0.6432 train_bal_acc=0.7220 train_f1=0.6432 | val_loss=1.8687 val_acc=0.5556 val_bal_acc=0.5192 val_f1=0.5174
[10:01:59] INFO: [Fold 9 TEST] subject=YIS acc=0.6512 bal_acc=0.5713 macro_f1=0.5717
[10:01:59] INFO: ========================================================================================
[10:01:59] INFO: Fold 10/18 | held-out subject: YLS
[10:02:00] INFO: Train subjects (14): ['YAC', 'YAG', 'YAK', 'YDG', 'YFR', 'YFS', 'YHS', 'YIS', 'YMD', 'YRH', 'YRP', 'YSD', 'YSL', 'YTL'] | Val subjects (3): ['YDR', 'YMS', 'YRK'] | Test subject: YLS
[10:02:00] INFO: Train size: 12763 | Val size: 2909 | Test size: 972
[10:02:00] INFO: Train label counts: {np.int64(0): np.int64(4280), np.int64(1): np.int64(8483)}
[10:02:00] INFO: Val label counts: {np.int64(0): np.int64(972), np.int64(1): np.int64(1937)}
[10:02:00] INFO: Test label counts: {np.int64(0): np.int64(327), np.int64(1): np.int64(645)}
[10:02:00] INFO: Class weights: NR=1.4910, TSR=0.7523
[10:02:04] INFO: Using random initialization for CET-MAE encoder.
[10:02:24] INFO: [Fold 10 | Epoch 001] train_loss=0.7489 train_acc=0.5322 train_bal_acc=0.5284 train_f1=0.5156 | val_loss=0.9032 val_acc=0.3816 val_bal_acc=0.5254 val_f1=0.3370
[10:05:27] INFO: [Fold 10 | Epoch 010] train_loss=0.5555 train_acc=0.6357 train_bal_acc=0.6900 train_f1=0.6342 | val_loss=1.0814 val_acc=0.5321 val_bal_acc=0.5221 val_f1=0.5119
[10:08:51] INFO: [Fold 10 | Epoch 020] train_loss=0.5133 train_acc=0.6532 train_bal_acc=0.7292 train_f1=0.6532 | val_loss=1.2958 val_acc=0.5779 val_bal_acc=0.4952 val_f1=0.4908
[10:10:33] INFO: [Fold 10 | Epoch 025] train_loss=0.5095 train_acc=0.6543 train_bal_acc=0.7308 train_f1=0.6543 | val_loss=1.4167 val_acc=0.4806 val_bal_acc=0.5100 val_f1=0.4772
[10:10:41] INFO: [Fold 10 TEST] subject=YLS acc=0.6132 bal_acc=0.5336 macro_f1=0.5314
[10:10:41] INFO: ========================================================================================
[10:10:41] INFO: Fold 11/18 | held-out subject: YMD
[10:10:42] INFO: Train subjects (14): ['YAC', 'YAG', 'YAK', 'YFR', 'YFS', 'YHS', 'YIS', 'YMS', 'YRH', 'YRK', 'YRP', 'YSD', 'YSL', 'YTL'] | Val subjects (3): ['YDG', 'YDR', 'YLS'] | Test subject: YMD
[10:10:42] INFO: Train size: 12740 | Val size: 2942 | Test size: 962
[10:10:42] INFO: Train label counts: {np.int64(0): np.int64(4268), np.int64(1): np.int64(8472)}
[10:10:42] INFO: Val label counts: {np.int64(0): np.int64(987), np.int64(1): np.int64(1955)}
[10:10:42] INFO: Test label counts: {np.int64(0): np.int64(324), np.int64(1): np.int64(638)}
[10:10:42] INFO: Class weights: NR=1.4925, TSR=0.7519
[10:10:46] INFO: Using random initialization for CET-MAE encoder.
[10:11:06] INFO: [Fold 11 | Epoch 001] train_loss=0.7439 train_acc=0.5344 train_bal_acc=0.5304 train_f1=0.5175 | val_loss=0.8549 val_acc=0.3878 val_bal_acc=0.5120 val_f1=0.3599
[10:14:10] INFO: [Fold 11 | Epoch 010] train_loss=0.5502 train_acc=0.6401 train_bal_acc=0.6962 train_f1=0.6388 | val_loss=1.1609 val_acc=0.5432 val_bal_acc=0.5291 val_f1=0.5206
[10:17:33] INFO: [Fold 11 | Epoch 020] train_loss=0.5164 train_acc=0.6546 train_bal_acc=0.7257 train_f1=0.6544 | val_loss=1.2293 val_acc=0.5734 val_bal_acc=0.5320 val_f1=0.5310
[10:19:14] INFO: [Fold 11 | Epoch 025] train_loss=0.5085 train_acc=0.6532 train_bal_acc=0.7315 train_f1=0.6532 | val_loss=1.1700 val_acc=0.5520 val_bal_acc=0.5209 val_f1=0.5179
[10:19:22] INFO: [Fold 11 TEST] subject=YMD acc=0.5229 bal_acc=0.5302 macro_f1=0.5118
[10:19:22] INFO: ========================================================================================
[10:19:22] INFO: Fold 12/18 | held-out subject: YMS
[10:19:23] INFO: Train subjects (14): ['YAG', 'YDG', 'YDR', 'YFR', 'YFS', 'YHS', 'YIS', 'YLS', 'YRH', 'YRK', 'YRP', 'YSD', 'YSL', 'YTL'] | Val subjects (3): ['YAC', 'YAK', 'YMD'] | Test subject: YMS
[10:19:23] INFO: Train size: 13204 | Val size: 2470 | Test size: 970
[10:19:23] INFO: Train label counts: {np.int64(0): np.int64(4454), np.int64(1): np.int64(8750)}
[10:19:23] INFO: Val label counts: {np.int64(0): np.int64(802), np.int64(1): np.int64(1668)}
[10:19:23] INFO: Test label counts: {np.int64(0): np.int64(323), np.int64(1): np.int64(647)}
[10:19:23] INFO: Class weights: NR=1.4823, TSR=0.7545
[10:19:27] INFO: Using random initialization for CET-MAE encoder.
[10:19:47] INFO: [Fold 12 | Epoch 001] train_loss=0.7375 train_acc=0.5307 train_bal_acc=0.5290 train_f1=0.5155 | val_loss=0.9271 val_acc=0.3457 val_bal_acc=0.4706 val_f1=0.3210
[10:22:55] INFO: [Fold 12 | Epoch 010] train_loss=0.5625 train_acc=0.6342 train_bal_acc=0.6905 train_f1=0.6332 | val_loss=1.2807 val_acc=0.6437 val_bal_acc=0.5125 val_f1=0.4861
[10:26:25] INFO: [Fold 12 | Epoch 020] train_loss=0.5227 train_acc=0.6429 train_bal_acc=0.7182 train_f1=0.6429 | val_loss=1.5658 val_acc=0.5713 val_bal_acc=0.5078 val_f1=0.5078
[10:28:08] INFO: [Fold 12 | Epoch 025] train_loss=0.5228 train_acc=0.6412 train_bal_acc=0.7156 train_f1=0.6412 | val_loss=1.5795 val_acc=0.5672 val_bal_acc=0.5323 val_f1=0.5286
[10:28:16] INFO: [Fold 12 TEST] subject=YMS acc=0.5887 bal_acc=0.4661 macro_f1=0.4340
[10:28:16] INFO: ========================================================================================
[10:28:16] INFO: Fold 13/18 | held-out subject: YRH
[10:28:17] INFO: Train subjects (14): ['YAG', 'YAK', 'YDG', 'YDR', 'YFR', 'YFS', 'YHS', 'YLS', 'YMS', 'YRK', 'YRP', 'YSD', 'YSL', 'YTL'] | Val subjects (3): ['YAC', 'YIS', 'YMD'] | Test subject: YRH
[10:28:17] INFO: Train size: 13165 | Val size: 2643 | Test size: 836
[10:28:17] INFO: Train label counts: {np.int64(0): np.int64(4406), np.int64(1): np.int64(8759)}
[10:28:17] INFO: Val label counts: {np.int64(0): np.int64(888), np.int64(1): np.int64(1755)}
[10:28:17] INFO: Test label counts: {np.int64(0): np.int64(285), np.int64(1): np.int64(551)}
[10:28:17] INFO: Class weights: NR=1.4940, TSR=0.7515
[10:28:21] INFO: Using random initialization for CET-MAE encoder.
[10:28:42] INFO: [Fold 13 | Epoch 001] train_loss=0.7378 train_acc=0.5294 train_bal_acc=0.5235 train_f1=0.5116 | val_loss=0.6710 val_acc=0.6572 val_bal_acc=0.5419 val_f1=0.5238
[10:31:49] INFO: [Fold 13 | Epoch 010] train_loss=0.5590 train_acc=0.6352 train_bal_acc=0.6891 train_f1=0.6337 | val_loss=1.5534 val_acc=0.6129 val_bal_acc=0.5539 val_f1=0.5547
[10:35:19] INFO: [Fold 13 | Epoch 020] train_loss=0.5208 train_acc=0.6447 train_bal_acc=0.7188 train_f1=0.6447 | val_loss=1.6591 val_acc=0.5501 val_bal_acc=0.5469 val_f1=0.5334
[10:37:02] INFO: [Fold 13 | Epoch 025] train_loss=0.5186 train_acc=0.6501 train_bal_acc=0.7288 train_f1=0.6501 | val_loss=1.6942 val_acc=0.5899 val_bal_acc=0.5755 val_f1=0.5664
[10:37:10] INFO: [Fold 13 TEST] subject=YRH acc=0.6005 bal_acc=0.5843 macro_f1=0.5767
[10:37:10] INFO: ========================================================================================
[10:37:10] INFO: Fold 14/18 | held-out subject: YRK
[10:37:11] INFO: Train subjects (14): ['YAC', 'YAG', 'YAK', 'YDG', 'YDR', 'YFR', 'YFS', 'YIS', 'YMD', 'YRH', 'YRP', 'YSD', 'YSL', 'YTL'] | Val subjects (3): ['YHS', 'YLS', 'YMS'] | Test subject: YRK
[10:37:11] INFO: Train size: 12755 | Val size: 2933 | Test size: 956
[10:37:11] INFO: Train label counts: {np.int64(0): np.int64(4276), np.int64(1): np.int64(8479)}
[10:37:11] INFO: Val label counts: {np.int64(0): np.int64(983), np.int64(1): np.int64(1950)}
[10:37:11] INFO: Test label counts: {np.int64(0): np.int64(320), np.int64(1): np.int64(636)}
[10:37:11] INFO: Class weights: NR=1.4915, TSR=0.7522
[10:37:14] INFO: Using random initialization for CET-MAE encoder.
[10:37:34] INFO: [Fold 14 | Epoch 001] train_loss=0.7408 train_acc=0.5326 train_bal_acc=0.5300 train_f1=0.5165 | val_loss=0.7264 val_acc=0.4712 val_bal_acc=0.5276 val_f1=0.4712
[10:40:36] INFO: [Fold 14 | Epoch 010] train_loss=0.5505 train_acc=0.6367 train_bal_acc=0.6921 train_f1=0.6354 | val_loss=1.1646 val_acc=0.5094 val_bal_acc=0.5009 val_f1=0.4908
[10:43:57] INFO: [Fold 14 | Epoch 020] train_loss=0.5169 train_acc=0.6454 train_bal_acc=0.7212 train_f1=0.6454 | val_loss=1.5074 val_acc=0.4927 val_bal_acc=0.4981 val_f1=0.4814
[10:45:38] INFO: [Fold 14 | Epoch 025] train_loss=0.5051 train_acc=0.6536 train_bal_acc=0.7335 train_f1=0.6536 | val_loss=1.2813 val_acc=0.5380 val_bal_acc=0.5070 val_f1=0.5042
[10:45:45] INFO: [Fold 14 TEST] subject=YRK acc=0.4498 bal_acc=0.5415 macro_f1=0.4444
[10:45:45] INFO: ========================================================================================
[10:45:45] INFO: Fold 15/18 | held-out subject: YRP
[10:45:46] INFO: Train subjects (14): ['YAC', 'YAG', 'YDG', 'YDR', 'YFR', 'YFS', 'YHS', 'YIS', 'YLS', 'YMS', 'YRH', 'YRK', 'YSD', 'YSL'] | Val subjects (3): ['YAK', 'YMD', 'YTL'] | Test subject: YRP
[10:45:46] INFO: Train size: 12914 | Val size: 2760 | Test size: 970
[10:45:46] INFO: Train label counts: {np.int64(0): np.int64(4354), np.int64(1): np.int64(8560)}
[10:45:46] INFO: Val label counts: {np.int64(0): np.int64(899), np.int64(1): np.int64(1861)}
[10:45:46] INFO: Test label counts: {np.int64(0): np.int64(326), np.int64(1): np.int64(644)}
[10:45:46] INFO: Class weights: NR=1.4830, TSR=0.7543
[10:45:50] INFO: Using random initialization for CET-MAE encoder.
[10:46:10] INFO: [Fold 15 | Epoch 001] train_loss=0.7291 train_acc=0.5455 train_bal_acc=0.5440 train_f1=0.5299 | val_loss=0.6559 val_acc=0.6170 val_bal_acc=0.5254 val_f1=0.5219
[10:49:14] INFO: [Fold 15 | Epoch 010] train_loss=0.5601 train_acc=0.6339 train_bal_acc=0.6882 train_f1=0.6327 | val_loss=0.7081 val_acc=0.5127 val_bal_acc=0.5722 val_f1=0.5123
[10:52:39] INFO: [Fold 15 | Epoch 020] train_loss=0.5243 train_acc=0.6455 train_bal_acc=0.7199 train_f1=0.6455 | val_loss=0.8744 val_acc=0.4576 val_bal_acc=0.5446 val_f1=0.4557
[10:54:22] INFO: [Fold 15 | Epoch 025] train_loss=0.5202 train_acc=0.6487 train_bal_acc=0.7208 train_f1=0.6486 | val_loss=0.8799 val_acc=0.4482 val_bal_acc=0.5534 val_f1=0.4415
[10:54:30] INFO: [Fold 15 TEST] subject=YRP acc=0.6608 bal_acc=0.4977 macro_f1=0.3979
[10:54:30] INFO: ========================================================================================
[10:54:30] INFO: Fold 16/18 | held-out subject: YSD
[10:54:31] INFO: Train subjects (14): ['YAC', 'YAK', 'YDG', 'YDR', 'YFR', 'YFS', 'YHS', 'YIS', 'YMD', 'YMS', 'YRH', 'YRK', 'YSL', 'YTL'] | Val subjects (3): ['YAG', 'YLS', 'YRP'] | Test subject: YSD
[10:54:31] INFO: Train size: 12735 | Val size: 2920 | Test size: 989
[10:54:31] INFO: Train label counts: {np.int64(0): np.int64(4264), np.int64(1): np.int64(8471)}
[10:54:31] INFO: Val label counts: {np.int64(0): np.int64(983), np.int64(1): np.int64(1937)}
[10:54:31] INFO: Test label counts: {np.int64(0): np.int64(332), np.int64(1): np.int64(657)}
[10:54:31] INFO: Class weights: NR=1.4933, TSR=0.7517
[10:54:35] INFO: Using random initialization for CET-MAE encoder.
[10:54:55] INFO: [Fold 16 | Epoch 001] train_loss=0.7352 train_acc=0.5499 train_bal_acc=0.5442 train_f1=0.5317 | val_loss=0.8823 val_acc=0.3705 val_bal_acc=0.4990 val_f1=0.3353
[10:57:58] INFO: [Fold 16 | Epoch 010] train_loss=0.5478 train_acc=0.6416 train_bal_acc=0.6961 train_f1=0.6401 | val_loss=1.2120 val_acc=0.4911 val_bal_acc=0.4942 val_f1=0.4791
[11:01:22] INFO: [Fold 16 | Epoch 020] train_loss=0.5113 train_acc=0.6542 train_bal_acc=0.7300 train_f1=0.6541 | val_loss=1.1597 val_acc=0.4705 val_bal_acc=0.4907 val_f1=0.4653
[11:03:05] INFO: [Fold 16 | Epoch 025] train_loss=0.5007 train_acc=0.6561 train_bal_acc=0.7369 train_f1=0.6561 | val_loss=1.4221 val_acc=0.5301 val_bal_acc=0.4968 val_f1=0.4948
[11:03:12] INFO: [Fold 16 TEST] subject=YSD acc=0.5642 bal_acc=0.4992 macro_f1=0.4985
[11:03:12] INFO: ========================================================================================
[11:03:12] INFO: Fold 17/18 | held-out subject: YSL
[11:03:14] INFO: Train subjects (14): ['YAC', 'YAK', 'YDG', 'YDR', 'YFR', 'YFS', 'YHS', 'YIS', 'YLS', 'YMD', 'YMS', 'YRP', 'YSD', 'YTL'] | Val subjects (3): ['YAG', 'YRH', 'YRK'] | Test subject: YSL
[11:03:14] INFO: Train size: 12900 | Val size: 2770 | Test size: 974
[11:03:14] INFO: Train label counts: {np.int64(0): np.int64(4315), np.int64(1): np.int64(8585)}
[11:03:14] INFO: Val label counts: {np.int64(0): np.int64(935), np.int64(1): np.int64(1835)}
[11:03:14] INFO: Test label counts: {np.int64(0): np.int64(329), np.int64(1): np.int64(645)}
[11:03:14] INFO: Class weights: NR=1.4948, TSR=0.7513
[11:03:17] INFO: Using random initialization for CET-MAE encoder.
[11:03:38] INFO: [Fold 17 | Epoch 001] train_loss=0.7451 train_acc=0.5392 train_bal_acc=0.5349 train_f1=0.5219 | val_loss=0.7185 val_acc=0.6625 val_bal_acc=0.5000 val_f1=0.3985
[11:06:43] INFO: [Fold 17 | Epoch 010] train_loss=0.5571 train_acc=0.6360 train_bal_acc=0.6897 train_f1=0.6344 | val_loss=1.1199 val_acc=0.5401 val_bal_acc=0.5427 val_f1=0.5267
[11:10:11] INFO: [Fold 17 | Epoch 020] train_loss=0.5436 train_acc=0.6325 train_bal_acc=0.7001 train_f1=0.6322 | val_loss=1.1434 val_acc=0.5419 val_bal_acc=0.5517 val_f1=0.5315
[11:11:55] INFO: [Fold 17 | Epoch 025] train_loss=0.5085 train_acc=0.6563 train_bal_acc=0.7324 train_f1=0.6562 | val_loss=1.4570 val_acc=0.5267 val_bal_acc=0.5276 val_f1=0.5129
[11:12:02] INFO: [Fold 17 TEST] subject=YSL acc=0.4620 bal_acc=0.5223 macro_f1=0.4619
[11:12:02] INFO: ========================================================================================
[11:12:02] INFO: Fold 18/18 | held-out subject: YTL
[11:12:03] INFO: Train subjects (14): ['YAC', 'YAG', 'YAK', 'YDG', 'YDR', 'YFR', 'YFS', 'YHS', 'YLS', 'YMD', 'YRH', 'YRP', 'YSD', 'YSL'] | Val subjects (3): ['YIS', 'YMS', 'YRK'] | Test subject: YTL
[11:12:03] INFO: Train size: 12747 | Val size: 2915 | Test size: 982
[11:12:03] INFO: Train label counts: {np.int64(0): np.int64(4275), np.int64(1): np.int64(8472)}
[11:12:03] INFO: Val label counts: {np.int64(0): np.int64(975), np.int64(1): np.int64(1940)}
[11:12:03] INFO: Test label counts: {np.int64(0): np.int64(329), np.int64(1): np.int64(653)}
[11:12:03] INFO: Class weights: NR=1.4909, TSR=0.7523
[11:12:07] INFO: Using random initialization for CET-MAE encoder.
[11:12:27] INFO: [Fold 18 | Epoch 001] train_loss=0.7360 train_acc=0.5314 train_bal_acc=0.5260 train_f1=0.5139 | val_loss=0.7435 val_acc=0.4796 val_bal_acc=0.5419 val_f1=0.4795
[11:15:30] INFO: [Fold 18 | Epoch 010] train_loss=0.5585 train_acc=0.6378 train_bal_acc=0.6902 train_f1=0.6361 | val_loss=0.7890 val_acc=0.5166 val_bal_acc=0.5458 val_f1=0.5125
[11:18:54] INFO: [Fold 18 | Epoch 020] train_loss=0.5252 train_acc=0.6450 train_bal_acc=0.7193 train_f1=0.6450 | val_loss=0.9520 val_acc=0.4384 val_bal_acc=0.5482 val_f1=0.4255
[11:20:36] INFO: [Fold 18 | Epoch 025] train_loss=0.5183 train_acc=0.6494 train_bal_acc=0.7244 train_f1=0.6494 | val_loss=0.7669 val_acc=0.4703 val_bal_acc=0.5317 val_f1=0.4703
[11:20:43] INFO: [Fold 18 TEST] subject=YTL acc=0.6589 bal_acc=0.5210 macro_f1=0.4771
[11:20:44] INFO: ========================================================================================
[11:20:44] INFO: Finished B2 fine-tuned reading-task classification (ZuCo 2.0 NR vs TSR)
[11:20:44] INFO: Per-subject results saved to: results/B2_finetune_reading_random/per_subject_results.csv
[11:20:44] INFO: All predictions saved to: results/B2_finetune_reading_random/all_predictions.csv
[11:20:44] INFO: Summary saved to: results/B2_finetune_reading_random/summary.json
[11:20:44] INFO: Final LOSO results | accuracy=0.5743±0.0786 (95% bootstrap CI 0.5362 to 0.6085) | balanced_accuracy=0.5196±0.0294 (95% bootstrap CI 0.5072 to 0.5330) | macro_f1=0.4756±0.0504 (95% bootstrap CI 0.4545 to 0.4977)
